LTspice 26.0.1 for Windows
Circuit: C:\Users\tijnj\OneDrive - Delft University of Technology\TN  25-26\DeF D\opdrachten-DEF-D\FysiekeOntwerpopdrachten\3OntwerpEenTransistor\Templates 2025\NMOS_EKL_digital_template_047.net
Start Time: Wed Mar  4 18:47:25 2026
Ignoring BSIM parameter VFBFLAG
Ignoring BSIM parameter HDIF
Ignoring BSIM parameter LDIF
Ignoring BSIM parameter ACM
Ignoring BSIM parameter CALCACM
solver = Normal
Maximum thread count: 12
tnom = 27
temp = 27
method = trap
Warning: Pd = 0 is less than W.
Warning: Ps = 0 is less than W.
Direct Newton iteration succeeded in finding operating point.
Total elapsed time: 0.473 seconds.

Files loaded:
C:\Users\tijnj\OneDrive - Delft University of Technology\TN  25-26\DeF D\opdrachten-DEF-D\FysiekeOntwerpopdrachten\3OntwerpEenTransistor\Templates 2025\NMOS_EKL_digital_template_047.net
C:\Users\tijnj\AppData\Local\LTspice\lib\cmp\standard.mos
C:\Users\tijnj\OneDrive - Delft University of Technology\TN  25-26\DeF D\opdrachten-DEF-D\FysiekeOntwerpopdrachten\3OntwerpEenTransistor\Templates 2025\nmosekl.lib

